vue.esm-browser.js:12809 You are running a development build of Vue.
Make sure to use the production build (*.prod.js) when deploying for production.
entry.js:18 
        
        
       GET http://localhost:8089/preload.js net::ERR_ABORTED 404 (Not Found)
(anonymous) @ entry.js:18
(anonymous) @ entry.js:62
index.js:244 
        
        
       GET http://localhost:8089/extension/%E5%8D%83%E5%B9%BB%E8%81%86%E9%9F%B3/skinShare.js net::ERR_ABORTED 404 (Not Found)
(anonymous) @ index.js:244
Promise.then
js @ index.js:239
PRECONTENT @ precontent.js:438
loadExtension @ index.js:2817
await in loadExtension
import @ index.js:2635
importFunction @ import.js:64
await in importFunction
importExtension @ import.js:20
boot @ index.js:268
await in boot
(anonymous) @ entry.js:47
await in (anonymous)
(anonymous) @ entry.js:62
index.js:244 
        
        
       GET http://localhost:8089/extension/%E5%8D%83%E5%B9%BB%E8%81%86%E9%9F%B3/skinChange.js net::ERR_ABORTED 404 (Not Found)
(anonymous) @ index.js:244
Promise.then
js @ index.js:239
PRECONTENT @ precontent.js:444
loadExtension @ index.js:2817
await in loadExtension
import @ index.js:2635
importFunction @ import.js:64
await in importFunction
importExtension @ import.js:20
boot @ index.js:268
await in boot
(anonymous) @ entry.js:47
await in (anonymous)
(anonymous) @ entry.js:62
VM61219:141 [剑中仙极武调试] installStyleCards_no_lib {stage: 'installStyleCards_no_lib', time: '2026-06-30T09:19:26.728Z'}
VM61219:141 [剑中仙极武调试] module_init {hasLib: true, hasCard: true, hasGame: true, hasUi: true, hasGet: true, …}
VM61219:141 [剑中仙极武调试] installStyleCards_begin {hasCard: true, hasTranslate: true, inpileLength: 0, stage: 'installStyleCards_begin', time: '2026-06-30T09:19:26.881Z'}
VM61219:141 [剑中仙极武调试] installStyleCards_end {hasCi: true, hasPi: true, hasGua: true, hasSanshi: true, inPileCi: true, …}
VM61221:160 [酒中仙调试] module_init {hasLib: true, hasGame: true, hasUi: true, hasGet: true, cached: {…}, …}
VM61247:207 [山上绝赴调试] module_init {hasLib: true, hasGame: true, hasUi: true, hasGet: true, hasStatus: true}
VM61203:125 [daodaozi_debug] runtime_bridge_success {hasLib: true, hasGame: true, hasUi: true, hasGet: true, stage: 'runtime_bridge_success', …}
VM61243:283 [qixiu_mozhong_debug] register_shell_noname_success {hasCard: true, stage: 'register_shell_noname_success', time: '2026-06-30T09:19:26.951Z'}
loading.js:183 duplicated character in character zusfylri:
zus_zhuluan:
lib.character.zus_zhuluan Character {sex: 'female', hp: 3, maxHp: 3, hujia: 0, names: undefined, …} 
character.zusfylri.character.zus_zhuluan (5) ['female', 'zus_group_huan', 3, Array(3), Array(1)]
loading.js:183 duplicated skill in character zusfylri:
zus_huangyi:
lib.skill.zus_huangyi {mod: {…}, locked: false, enable: 'chooseToUse', hiddenCard: ƒ, hiddenWuxie: ƒ, …} 
character.zusfylri.skill.zus_huangyi {mod: {…}, locked: false, enable: 'chooseToUse', hiddenCard: ƒ, hiddenWuxie: ƒ, …}
loading.js:183 duplicated skill in character zusfylri:
zus_huangyi_wuxie:
lib.skill.zus_huangyi_wuxie {mod: {…}, locked: false, hiddenSkill: true, enable: 'chooseToUse', onChooseToUse: ƒ, …} 
character.zusfylri.skill.zus_huangyi_wuxie {mod: {…}, locked: false, hiddenSkill: true, enable: 'chooseToUse', onChooseToUse: ƒ, …}
loading.js:183 duplicated skill in character zusfylri:
zus_fengzhao:
lib.skill.zus_fengzhao {trigger: {…}, direct: true, skill_id: 'zus_fengzhao', filter: ƒ, content: ƒ} 
character.zusfylri.skill.zus_fengzhao {trigger: {…}, direct: true, skill_id: 'zus_fengzhao', filter: ƒ, content: ƒ}
loading.js:183 duplicated skill in character zusfylri:
zus_fengzhao_swap:
lib.skill.zus_fengzhao_swap {enable: 'phaseUse', ai: {…}, mark: true, filter: ƒ, content: ƒ, …} 
character.zusfylri.skill.zus_fengzhao_swap {enable: 'phaseUse', ai: {…}, mark: true, filter: ƒ, content: ƒ, …}
loading.js:183 duplicated translate in character zusfylri:
zus_group_huan:
lib.translate.zus_group_huan 幻 
character.zusfylri.translate.zus_group_huan 幻
loading.js:183 duplicated translate in character zusfylri:
zus_group_huan2:
lib.translate.zus_group_huan2 幻 
character.zusfylri.translate.zus_group_huan2 幻
loading.js:183 duplicated translate in character zusfylri:
zus_xieshenzhike:
lib.translate.zus_xieshenzhike 邪神之壳 
character.zusfylri.translate.zus_xieshenzhike 邪神之壳
loading.js:183 duplicated translate in character zusfylri:
zus_xieshenzhike_info:
lib.translate.zus_xieshenzhike_info 锁定技。失去此牌时，你失去1点体力。每当你使用一张牌，进行一次判定，若结果为黑色，此牌无效。判定阶段开始时进行判定，若结果为黑桃，直到本回合结束，废除上一条效果且你使用的每一张牌额外结算一次。 
character.zusfylri.translate.zus_xieshenzhike_info 锁定技。失去此牌时，你失去1点体力。每当你使用一张牌，进行一次判定，若结果为黑色，此牌无效。判定阶段开始时进行判定，若结果为黑桃，直到本回合结束，废除上一条效果且你使用的每一张牌额外结算一次。
loading.js:183 duplicated translate in character zusfylri:
zus_zhuluan:
lib.translate.zus_zhuluan 朱鸾 
character.zusfylri.translate.zus_zhuluan 朱鸾
loading.js:183 duplicated translate in character zusfylri:
zus_zhuluan_ab:
lib.translate.zus_zhuluan_ab 朱鸾 
character.zusfylri.translate.zus_zhuluan_ab 朱鸾
loading.js:183 duplicated translate in character zusfylri:
zus_huangyi:
lib.translate.zus_huangyi 皇仪 
character.zusfylri.translate.zus_huangyi 皇仪
loading.js:183 duplicated translate in character zusfylri:
zus_huangyi_info:
lib.translate.zus_huangyi_info 若你的体力值不为满，你视为拥有【皇仪·无懈】。 
character.zusfylri.translate.zus_huangyi_info 若你的体力值不为满，你视为拥有【皇仪·无懈】。
loading.js:183 duplicated translate in character zusfylri:
zus_huangyi_wuxie:
lib.translate.zus_huangyi_wuxie 皇仪 
character.zusfylri.translate.zus_huangyi_wuxie 皇仪
loading.js:183 duplicated translate in character zusfylri:
zus_huangyi_wuxie_info:
lib.translate.zus_huangyi_wuxie_info 你可以将一张红色手牌当【无懈可击】使用或打出。 
character.zusfylri.translate.zus_huangyi_wuxie_info 你可以将一张红色手牌当【无懈可击】使用或打出。
loading.js:183 duplicated translate in character zusfylri:
zus_fengzhao:
lib.translate.zus_fengzhao 凤诏 
character.zusfylri.translate.zus_fengzhao 凤诏
loading.js:183 duplicated translate in character zusfylri:
zus_fengzhao_info:
lib.translate.zus_fengzhao_info 出牌阶段开始时，你可以指定一名其他角色。本阶段内，若你与其均有手牌，你可以与其交换全部手牌。然后，你与其中手牌数等于各自体力值的角色各摸1张牌；若双方均不满足，则你失去1点体力，本阶段此技能不可再发动，然后跳过本回合的弃牌阶段。 
character.zusfylri.translate.zus_fengzhao_info 出牌阶段开始时，你可以指定一名其他角色。本阶段内，若你与其均有手牌，你可以与其交换全部手牌。然后，你与其中手牌数等于各自体力值的角色各摸1张牌；若双方均不满足，则你失去1点体力，本阶段此技能不可再发动，然后跳过本回合的弃牌阶段。
loading.js:183 duplicated translate in character zusfylri:
zus_fengzhao_swap:
lib.translate.zus_fengzhao_swap 凤诏 
character.zusfylri.translate.zus_fengzhao_swap 凤诏
loading.js:183 duplicated translate in character zusfylri:
zus_fengzhao_swap_info:
lib.translate.zus_fengzhao_swap_info 本阶段内，你可以与【凤诏】指定的角色交换全部手牌。 
character.zusfylri.translate.zus_fengzhao_swap_info 本阶段内，你可以与【凤诏】指定的角色交换全部手牌。
loading.js:183 duplicated characterTitle in character zusfylri:
zus_zhuluan:
lib.characterTitle.zus_zhuluan 西皇 
character.zusfylri.characterTitle.zus_zhuluan 西皇
loading.js:183 duplicated translate in character xianding:
#dccuixin1:
lib.translate.#dccuixin1 今兵临城下，其王庭可摧。 
character.xianding.translate.#dccuixin1 今兵临城下，其王庭可摧。
loading.js:183 duplicated translate in character xianding:
#dccuixin2:
lib.translate.#dccuixin2 四面皆奏楚歌，问汝降是不降？ 
character.xianding.translate.#dccuixin2 四面皆奏楚歌，问汝降是不降？
weiweixiaoxi.js:1282 第20次尝试
extension.js:35 
        
        
       GET http://localhost:8089/extension/%E7%9A%AE%E8%82%A4%E5%88%87%E6%8D%A2/style/adjustBox.css net::ERR_ABORTED 404 (Not Found)
content @ extension.js:35
loadExtension @ loading.js:203
boot @ index.js:522
await in boot
(anonymous) @ entry.js:47
await in (anonymous)
(anonymous) @ entry.js:62
weiweixiaoxi.js:1282 第19次尝试
weiweixiaoxi.js:1282 第18次尝试
weiweixiaoxi.js:1282 第17次尝试
[Intervention] Slow network is detected. See <URL> for more details. Fallback font will be used while loading: <URL>
[Intervention] Slow network is detected. See <URL> for more details. Fallback font will be used while loading: <URL>
[Intervention] Slow network is detected. See <URL> for more details. Fallback font will be used while loading: <URL>
[Intervention] Slow network is detected. See <URL> for more details. Fallback font will be used while loading: <URL>
[Intervention] Slow network is detected. See <URL> for more details. Fallback font will be used while loading: <URL>
[Intervention] Slow network is detected. See <URL> for more details. Fallback font will be used while loading: <URL>
index.js:7248 
        
        
       GET http://localhost:8089/mode/identity/index.js net::ERR_ABORTED 404 (Not Found)
(anonymous) @ index.js:7248
(anonymous) @ preload-helper.js:56
Promise.then
preload @ preload-helper.js:51
(anonymous) @ index.js:7246
loadModeAsync @ index.js:7280
(anonymous) @ loadMode.js:32
loadModeAsync @ loadMode.js:19
loadModesSequentially @ loadMode.js:126
getOtherModeData @ loadMode.js:134
loadModeData @ hook.js:33
arena @ index.js:2887
boot @ index.js:528
await in boot
(anonymous) @ entry.js:47
await in (anonymous)
(anonymous) @ entry.js:62
weiweixiaoxi.js:1282 第16次尝试
weiweixiaoxi.js:1282 第15次尝试
weiweixiaoxi.js:1282 第14次尝试
weiweixiaoxi.js:1282 第13次尝试
weiweixiaoxi.js:1282 第12次尝试
weiweixiaoxi.js:1282 第11次尝试
weiweixiaoxi.js:1282 第10次尝试
weiweixiaoxi.js:1282 第9次尝试
weiweixiaoxi.js:1282 第8次尝试
weiweixiaoxi.js:1282 第7次尝试
weiweixiaoxi.js:1282 第6次尝试
weiweixiaoxi.js:1282 第5次尝试
weiweixiaoxi.js:1282 第4次尝试
index.js:7248 
        
        
       GET http://localhost:8089/mode/versus/index.js net::ERR_ABORTED 404 (Not Found)
(anonymous) @ index.js:7248
(anonymous) @ preload-helper.js:56
Promise.then
preload @ preload-helper.js:51
(anonymous) @ index.js:7246
loadModeAsync @ index.js:7280
(anonymous) @ loadMode.js:32
loadModeAsync @ loadMode.js:19
loadModesSequentially @ loadMode.js:126
await in loadModesSequentially
getOtherModeData @ loadMode.js:134
loadModeData @ hook.js:33
arena @ index.js:2887
boot @ index.js:528
await in boot
(anonymous) @ entry.js:47
await in (anonymous)
(anonymous) @ entry.js:62
weiweixiaoxi.js:1282 第3次尝试
weiweixiaoxi.js:1282 第2次尝试
weiweixiaoxi.js:1282 第1次尝试
weiweixiaoxi.js:1282 第0次尝试
index.js:7248 
        
        
       GET http://localhost:8089/mode/boss/index.js net::ERR_ABORTED 404 (Not Found)
(anonymous) @ index.js:7248
(anonymous) @ preload-helper.js:56
Promise.then
preload @ preload-helper.js:51
(anonymous) @ index.js:7246
loadModeAsync @ index.js:7280
(anonymous) @ loadMode.js:32
loadModeAsync @ loadMode.js:19
loadModesSequentially @ loadMode.js:126
await in loadModesSequentially
getOtherModeData @ loadMode.js:134
loadModeData @ hook.js:33
arena @ index.js:2887
boot @ index.js:528
await in boot
(anonymous) @ entry.js:47
await in (anonymous)
(anonymous) @ entry.js:62
index.js:7248 
        
        
       GET http://localhost:8089/mode/single/index.js net::ERR_ABORTED 404 (Not Found)
(anonymous) @ index.js:7248
(anonymous) @ preload-helper.js:56
Promise.then
preload @ preload-helper.js:51
(anonymous) @ index.js:7246
loadModeAsync @ index.js:7280
(anonymous) @ loadMode.js:32
loadModeAsync @ loadMode.js:19
loadModesSequentially @ loadMode.js:126
await in loadModesSequentially
getOtherModeData @ loadMode.js:134
loadModeData @ hook.js:33
arena @ index.js:2887
boot @ index.js:528
await in boot
(anonymous) @ entry.js:47
await in (anonymous)
(anonymous) @ entry.js:62
index.js:7248 
        
        
       GET http://localhost:8089/mode/chess/index.js net::ERR_ABORTED 404 (Not Found)
(anonymous) @ index.js:7248
(anonymous) @ preload-helper.js:56
Promise.then
preload @ preload-helper.js:51
(anonymous) @ index.js:7246
loadModeAsync @ index.js:7280
(anonymous) @ loadMode.js:32
loadModeAsync @ loadMode.js:19
loadModesSequentially @ loadMode.js:126
await in loadModesSequentially
getOtherModeData @ loadMode.js:134
loadModeData @ hook.js:33
arena @ index.js:2887
boot @ index.js:528
await in boot
(anonymous) @ entry.js:47
await in (anonymous)
(anonymous) @ entry.js:62
index.js:7248 
        
        
       GET http://localhost:8089/mode/tafang/index.js net::ERR_ABORTED 404 (Not Found)
(anonymous) @ index.js:7248
(anonymous) @ preload-helper.js:56
Promise.then
preload @ preload-helper.js:51
(anonymous) @ index.js:7246
loadModeAsync @ index.js:7280
(anonymous) @ loadMode.js:32
loadModeAsync @ loadMode.js:19
loadModesSequentially @ loadMode.js:126
await in loadModesSequentially
getOtherModeData @ loadMode.js:134
loadModeData @ hook.js:33
arena @ index.js:2887
boot @ index.js:528
await in boot
(anonymous) @ entry.js:47
await in (anonymous)
(anonymous) @ entry.js:62
index.js:7248 
        
        
       GET http://localhost:8089/mode/brawl/index.js net::ERR_ABORTED 404 (Not Found)
(anonymous) @ index.js:7248
(anonymous) @ preload-helper.js:56
Promise.then
preload @ preload-helper.js:51
(anonymous) @ index.js:7246
loadModeAsync @ index.js:7280
(anonymous) @ loadMode.js:32
loadModeAsync @ loadMode.js:19
loadModesSequentially @ loadMode.js:126
await in loadModesSequentially
getOtherModeData @ loadMode.js:134
loadModeData @ hook.js:33
arena @ index.js:2887
boot @ index.js:528
await in boot
(anonymous) @ entry.js:47
await in (anonymous)
(anonymous) @ entry.js:62
index.js:7248 
        
        
       GET http://localhost:8089/mode/stone/index.js net::ERR_ABORTED 404 (Not Found)
(anonymous) @ index.js:7248
(anonymous) @ preload-helper.js:56
Promise.then
preload @ preload-helper.js:51
(anonymous) @ index.js:7246
loadModeAsync @ index.js:7280
(anonymous) @ loadMode.js:32
loadModeAsync @ loadMode.js:19
loadModesSequentially @ loadMode.js:126
await in loadModesSequentially
getOtherModeData @ loadMode.js:134
loadModeData @ hook.js:33
arena @ index.js:2887
boot @ index.js:528
await in boot
(anonymous) @ entry.js:47
await in (anonymous)
(anonymous) @ entry.js:62
quake.jpg:1 
        
        
       GET http://localhost:8089/$%7BassetURL%7Dextension/%E5%A4%A9%E5%BA%AD/image/images/quake.jpg 404 (Not Found)
Image
div @ index.js:635
CONTENT.ui.create.div @ content.js:4761
createConfig @ index.js:182
createModeConfig @ exetensionMenu.js:140
extensionMenu @ exetensionMenu.js:161
menu @ index.js:450
(anonymous) @ index.js:2874
loop @ index.js:117
setTimeout
loop @ index.js:118
setTimeout
onfree @ index.js:121
Content.chooseButton.forced.forced @ content.js:6906
(anonymous) @ ArrayCompiler.js:26
loop @ gameEvent.js:232
await in loop
(anonymous) @ gameEvent.js:206
start @ gameEvent.js:209
(anonymous) @ gameEvent.js:291
await in (anonymous)
waitNext @ gameEvent.js:297
(anonymous) @ ArrayCompiler.js:28
await in (anonymous)
loop @ gameEvent.js:232
await in loop
(anonymous) @ gameEvent.js:206
start @ gameEvent.js:209
(anonymous) @ gameEvent.js:291
await in (anonymous)
waitNext @ gameEvent.js:297
(anonymous) @ ArrayCompiler.js:28
await in (anonymous)
loop @ gameEvent.js:232
await in loop
(anonymous) @ gameEvent.js:206
start @ gameEvent.js:209
loop @ index.js:6764
boot @ index.js:541
await in boot
(anonymous) @ entry.js:47
await in (anonymous)
(anonymous) @ entry.js:62
VM61606:10 === 尝试应用保存的动皮参数 ===
VM61606:11 当前保存的参数: {liutan: {…}}
VM61606:12 十周年UI状态: 未加载
VM61606:24 条件不满足，跳过应用
applyParams @ VM61606:24
eval @ VM61606:30
(anonymous) @ StepCompiler.js:95
(anonymous) @ ArrayCompiler.js:26
loop @ gameEvent.js:232
await in loop
(anonymous) @ gameEvent.js:206
start @ gameEvent.js:209
(anonymous) @ gameEvent.js:291
await in (anonymous)
waitNext @ gameEvent.js:297
then @ compatible.js:141
VM61606:10 === 尝试应用保存的动皮参数 ===
VM61606:11 当前保存的参数: {liutan: {…}}
VM61606:12 十周年UI状态: 未加载
VM61606:24 条件不满足，跳过应用
applyParams @ VM61606:24
eval @ VM61606:30
(anonymous) @ StepCompiler.js:95
(anonymous) @ ArrayCompiler.js:26
loop @ gameEvent.js:232
await in loop
(anonymous) @ gameEvent.js:206
start @ gameEvent.js:209
(anonymous) @ gameEvent.js:291
await in (anonymous)
waitNext @ gameEvent.js:297
then @ compatible.js:141
VM61606:10 === 尝试应用保存的动皮参数 ===
VM61606:11 当前保存的参数: {liutan: {…}}
VM61606:12 十周年UI状态: 未加载
VM61606:24 条件不满足，跳过应用
applyParams @ VM61606:24
eval @ VM61606:30
(anonymous) @ StepCompiler.js:95
(anonymous) @ ArrayCompiler.js:26
loop @ gameEvent.js:232
await in loop
(anonymous) @ gameEvent.js:206
start @ gameEvent.js:209
(anonymous) @ gameEvent.js:291
await in (anonymous)
waitNext @ gameEvent.js:297
then @ compatible.js:141
VM61606:10 === 尝试应用保存的动皮参数 ===
VM61606:11 当前保存的参数: {liutan: {…}}
VM61606:12 十周年UI状态: 未加载
VM61606:24 条件不满足，跳过应用
applyParams @ VM61606:24
eval @ VM61606:33
setTimeout
eval @ VM61606:32
(anonymous) @ StepCompiler.js:95
(anonymous) @ ArrayCompiler.js:26
loop @ gameEvent.js:232
await in loop
(anonymous) @ gameEvent.js:206
start @ gameEvent.js:209
(anonymous) @ gameEvent.js:291
await in (anonymous)
waitNext @ gameEvent.js:297
then @ compatible.js:141
VM61606:10 === 尝试应用保存的动皮参数 ===
VM61606:11 当前保存的参数: {liutan: {…}}
VM61606:12 十周年UI状态: 未加载
VM61606:24 条件不满足，跳过应用
applyParams @ VM61606:24
eval @ VM61606:33
setTimeout
eval @ VM61606:32
(anonymous) @ StepCompiler.js:95
(anonymous) @ ArrayCompiler.js:26
loop @ gameEvent.js:232
await in loop
(anonymous) @ gameEvent.js:206
start @ gameEvent.js:209
(anonymous) @ gameEvent.js:291
await in (anonymous)
waitNext @ gameEvent.js:297
then @ compatible.js:141
VM61606:10 === 尝试应用保存的动皮参数 ===
VM61606:11 当前保存的参数: {liutan: {…}}
VM61606:12 十周年UI状态: 未加载
VM61606:24 条件不满足，跳过应用
applyParams @ VM61606:24
eval @ VM61606:33
setTimeout
eval @ VM61606:32
(anonymous) @ StepCompiler.js:95
(anonymous) @ ArrayCompiler.js:26
loop @ gameEvent.js:232
await in loop
(anonymous) @ gameEvent.js:206
start @ gameEvent.js:209
(anonymous) @ gameEvent.js:291
await in (anonymous)
waitNext @ gameEvent.js:297
then @ compatible.js:141
VM61606:10 === 尝试应用保存的动皮参数 ===
VM61606:11 当前保存的参数: {liutan: {…}}
VM61606:12 十周年UI状态: 未加载
VM61606:24 条件不满足，跳过应用
applyParams @ VM61606:24
eval @ VM61606:36
setTimeout
eval @ VM61606:35
setTimeout
eval @ VM61606:32
(anonymous) @ StepCompiler.js:95
(anonymous) @ ArrayCompiler.js:26
loop @ gameEvent.js:232
await in loop
(anonymous) @ gameEvent.js:206
start @ gameEvent.js:209
(anonymous) @ gameEvent.js:291
await in (anonymous)
waitNext @ gameEvent.js:297
then @ compatible.js:141
VM61606:10 === 尝试应用保存的动皮参数 ===
VM61606:11 当前保存的参数: {liutan: {…}}
VM61606:12 十周年UI状态: 未加载
VM61606:24 条件不满足，跳过应用
applyParams @ VM61606:24
eval @ VM61606:36
setTimeout
eval @ VM61606:35
setTimeout
eval @ VM61606:32
(anonymous) @ StepCompiler.js:95
(anonymous) @ ArrayCompiler.js:26
loop @ gameEvent.js:232
await in loop
(anonymous) @ gameEvent.js:206
start @ gameEvent.js:209
(anonymous) @ gameEvent.js:291
await in (anonymous)
waitNext @ gameEvent.js:297
then @ compatible.js:141
VM61606:10 === 尝试应用保存的动皮参数 ===
VM61606:11 当前保存的参数: {liutan: {…}}
VM61606:12 十周年UI状态: 未加载
VM61606:24 条件不满足，跳过应用
applyParams @ VM61606:24
eval @ VM61606:36
setTimeout
eval @ VM61606:35
setTimeout
eval @ VM61606:32
(anonymous) @ StepCompiler.js:95
(anonymous) @ ArrayCompiler.js:26
loop @ gameEvent.js:232
await in loop
(anonymous) @ gameEvent.js:206
start @ gameEvent.js:209
(anonymous) @ gameEvent.js:291
await in (anonymous)
waitNext @ gameEvent.js:297
then @ compatible.js:141
VM61606:10 === 尝试应用保存的动皮参数 ===
VM61606:11 当前保存的参数: {liutan: {…}}
VM61606:12 十周年UI状态: 未加载
VM61606:24 条件不满足，跳过应用
applyParams @ VM61606:24
setTimeout
eval @ VM61606:38
setTimeout
eval @ VM61606:35
setTimeout
eval @ VM61606:32
(anonymous) @ StepCompiler.js:95
(anonymous) @ ArrayCompiler.js:26
loop @ gameEvent.js:232
await in loop
(anonymous) @ gameEvent.js:206
start @ gameEvent.js:209
(anonymous) @ gameEvent.js:291
await in (anonymous)
waitNext @ gameEvent.js:297
then @ compatible.js:141
VM61606:10 === 尝试应用保存的动皮参数 ===
VM61606:11 当前保存的参数: {liutan: {…}}
VM61606:12 十周年UI状态: 未加载
VM61606:24 条件不满足，跳过应用
applyParams @ VM61606:24
setTimeout
eval @ VM61606:38
setTimeout
eval @ VM61606:35
setTimeout
eval @ VM61606:32
(anonymous) @ StepCompiler.js:95
(anonymous) @ ArrayCompiler.js:26
loop @ gameEvent.js:232
await in loop
(anonymous) @ gameEvent.js:206
start @ gameEvent.js:209
(anonymous) @ gameEvent.js:291
await in (anonymous)
waitNext @ gameEvent.js:297
then @ compatible.js:141
VM61606:10 === 尝试应用保存的动皮参数 ===
VM61606:11 当前保存的参数: {liutan: {…}}
VM61606:12 十周年UI状态: 未加载
VM61606:24 条件不满足，跳过应用
applyParams @ VM61606:24
setTimeout
eval @ VM61606:38
setTimeout
eval @ VM61606:35
setTimeout
eval @ VM61606:32
(anonymous) @ StepCompiler.js:95
(anonymous) @ ArrayCompiler.js:26
loop @ gameEvent.js:232
await in loop
(anonymous) @ gameEvent.js:206
start @ gameEvent.js:209
(anonymous) @ gameEvent.js:291
await in (anonymous)
waitNext @ gameEvent.js:297
then @ compatible.js:141
tia_daowu1.mp3:1 
        
        
       GET http://localhost:8089/audio/skill/tia_daowu1.mp3 404 (Not Found)
tia_daowu2.mp3:1 
        
        
       GET http://localhost:8089/audio/skill/tia_daowu2.mp3 404 (Not Found)
tia_danyi.mp3:1 
        
        
       GET http://localhost:8089/audio/card/female/tia_danyi.mp3 404 (Not Found)
tia_danyi.mp3:1 
        
        
       GET http://localhost:8089/audio/card/female/tia_danyi.mp3 404 (Not Found)
tia_rongguang2.mp3:1 
        
        
       GET http://localhost:8089/audio/skill/tia_rongguang2.mp3 404 (Not Found)
tia_rongguang1.mp3:1 
        
        
       GET http://localhost:8089/audio/skill/tia_rongguang1.mp3 404 (Not Found)
tia_rongguang1.mp3:1 
        
        
       GET http://localhost:8089/audio/skill/tia_rongguang1.mp3 404 (Not Found)
tia_rongguang2.mp3:1 
        
        
       GET http://localhost:8089/audio/skill/tia_rongguang2.mp3 404 (Not Found)
tia_rongguang2.mp3:1 
        
        
       GET http://localhost:8089/audio/skill/tia_rongguang2.mp3 404 (Not Found)
tia_rongguang1.mp3:1 
        
        
       GET http://localhost:8089/audio/skill/tia_rongguang1.mp3 404 (Not Found)
